
of order 1. But this is a contradiction to the @@@ residue theorem &&& of @@@ complex analysis &&&: the @@@ sum &&& of the @@@ residues &&& of any rational (or @@@ meromorphic &&&) differential form on a compact @@@ Riemann &&& surface is zero, but in our case we have @@@ ∑ &&@ Q∈X @@@ resQ(ϕ·α) &&& = @@@ resP(ϕ·α) &&& @@@ 6= &&& 0.